
> vibe-generated-app@1.0.0 dev
> vite


  VITE v5.4.20  ready in 363 ms

  ➜  Local:   http://localhost:3000/
  ➜  Network: http://172.20.4.172:3000/
9:27:13 AM [vite] Pre-transform error: Transform failed with 1 error:
/home/workspace/src/App.jsx:23:70: ERROR: Unexpected "!"
9:27:32 AM [vite] Internal server error: Transform failed with 1 error:
/home/workspace/src/App.jsx:23:70: ERROR: Unexpected "!"
  Plugin: vite:esbuild
  File: /home/workspace/src/App.jsx:23:70
  
  Unexpected "!"
  21 |    const [isStreaming, setIsStreaming] = useState(false);
  22 |  
  23 |    const active = useMemo(() => sessions.find((s) => s.id === activeId)!, [sessions, activeId]);
     |                                                                        ^
  24 |  
  25 |    const updateActive = (updater) => {
  
      at failureErrorWithLog (/home/workspace/node_modules/esbuild/lib/main.js:1472:15)
      at /home/workspace/node_modules/esbuild/lib/main.js:755:50
      at responseCallbacks.<computed> (/home/workspace/node_modules/esbuild/lib/main.js:622:9)
      at handleIncomingPacket (/home/workspace/node_modules/esbuild/lib/main.js:677:12)
      at Socket.readFromStdout (/home/workspace/node_modules/esbuild/lib/main.js:600:7)
      at Socket.emit (node:events:508:28)
      at addChunk (node:internal/streams/readable:559:12)
      at readableAddChunkPushByteMode (node:internal/streams/readable:510:3)
      at Readable.push (node:internal/streams/readable:390:5)
      at Pipe.onStreamRead (node:internal/stream_base_commons:189:23)
